# mackes-carbon.map — freedesktop name → category → Carbon SVG basename.
#
# Whitespace-separated, three columns. Lines starting with # ignored.
# Carbon source: github.com/carbon-design-system/carbon, Apache 2.0.
# Consumed by install-helpers/build-mackes-carbon.sh.

# ---- Actions ----
address-book-new-symbolic                       actions     user--multiple
application-exit-symbolic                       actions     exit
appointment-new-symbolic                        actions     calendar--add
bookmark-new-symbolic                           actions     bookmark--add
call-start-symbolic                             actions     phone
call-stop-symbolic                              actions     phone--off
contact-new-symbolic                            actions     user--follow
document-new-symbolic                           actions     document--add
document-open-symbolic                          actions     folder--open
document-open-recent-symbolic                   actions     recently-viewed
document-page-setup-symbolic                    actions     document--view
document-print-symbolic                         actions     printer
document-print-preview-symbolic                 actions     document--view
document-properties-symbolic                    actions     settings
document-revert-symbolic                        actions     undo
document-save-symbolic                          actions     save
document-save-as-symbolic                       actions     save--model
document-send-symbolic                          actions     send
document-edit-symbolic                          actions     edit
edit-clear-symbolic                             actions     close--filled
edit-clear-all-symbolic                         actions     clean
edit-copy-symbolic                              actions     copy
edit-cut-symbolic                               actions     cut
edit-delete-symbolic                            actions     trash-can
edit-find-symbolic                              actions     search
edit-find-replace-symbolic                      actions     search--locate
edit-paste-symbolic                             actions     paste
edit-redo-symbolic                              actions     redo
edit-select-all-symbolic                        actions     select--01
edit-undo-symbolic                              actions     undo
folder-new-symbolic                             actions     folder--add
format-indent-less-symbolic                     actions     text--indent--less
format-indent-more-symbolic                     actions     text--indent--more
format-justify-center-symbolic                  actions     text--align--center
format-justify-fill-symbolic                    actions     text--align--justify
format-justify-left-symbolic                    actions     text--align--left
format-justify-right-symbolic                   actions     text--align--right
format-text-bold-symbolic                       actions     text--bold
format-text-italic-symbolic                     actions     text--italic
format-text-strikethrough-symbolic              actions     text--strikethrough
format-text-underline-symbolic                  actions     text--underline
go-bottom-symbolic                              actions     arrow--down
go-down-symbolic                                actions     arrow--down
go-first-symbolic                               actions     page--first
go-home-symbolic                                actions     home
go-jump-symbolic                                actions     launch
go-last-symbolic                                actions     page--last
go-next-symbolic                                actions     arrow--right
go-previous-symbolic                            actions     arrow--left
go-top-symbolic                                 actions     arrow--up
go-up-symbolic                                  actions     arrow--up
help-about-symbolic                             actions     information
help-contents-symbolic                          actions     help
help-faq-symbolic                               actions     help--filled
insert-image-symbolic                           actions     image
insert-link-symbolic                            actions     link
insert-object-symbolic                          actions     add--alt
insert-text-symbolic                            actions     text--font
list-add-symbolic                               actions     add
list-remove-symbolic                            actions     subtract
mail-forward-symbolic                           actions     mail--all
mail-mark-important-symbolic                    actions     flag
mail-mark-junk-symbolic                         actions     warning
mail-mark-read-symbolic                         actions     email
mail-mark-unread-symbolic                       actions     email--new
mail-message-new-symbolic                       actions     email--new
mail-reply-all-symbolic                         actions     reply--all
mail-reply-sender-symbolic                      actions     reply
mail-send-symbolic                              actions     send
media-eject-symbolic                            actions     arrow--up
media-playback-pause-symbolic                   actions     pause
media-playback-start-symbolic                   actions     play
media-playback-stop-symbolic                    actions     stop
media-record-symbolic                           actions     recording
media-seek-backward-symbolic                    actions     rewind--10
media-seek-forward-symbolic                     actions     forward--10
media-skip-backward-symbolic                    actions     skip--back
media-skip-forward-symbolic                     actions     skip--forward
object-rotate-left-symbolic                     actions     rotate--counterclockwise
object-rotate-right-symbolic                    actions     rotate--clockwise
open-menu-symbolic                              actions     menu
process-stop-symbolic                           actions     stop
system-lock-screen-symbolic                     actions     locked
system-log-out-symbolic                         actions     logout
system-run-symbolic                             actions     play--outline
system-search-symbolic                          actions     search
system-reboot-symbolic                          actions     restart
system-shutdown-symbolic                        actions     power
tools-check-spelling-symbolic                   actions     spell-check
view-fullscreen-symbolic                        actions     maximize
view-grid-symbolic                              actions     grid
view-list-symbolic                              actions     list
view-refresh-symbolic                           actions     renew
view-restore-symbolic                           actions     minimize
view-sort-ascending-symbolic                    actions     arrow--up
view-sort-descending-symbolic                   actions     arrow--down
window-close-symbolic                           actions     close
window-new-symbolic                             actions     popup
zoom-fit-best-symbolic                          actions     fit-to-screen
zoom-in-symbolic                                actions     zoom--in
zoom-original-symbolic                          actions     reset
zoom-out-symbolic                               actions     zoom--out

# ---- Applications ----
accessories-calculator-symbolic                 apps        calculator
accessories-character-map-symbolic              apps        character--upper-case
accessories-dictionary-symbolic                 apps        book
accessories-text-editor-symbolic                apps        edit
applications-graphics-symbolic                  apps        image
applications-internet-symbolic                  apps        earth
applications-multimedia-symbolic                apps        music
applications-office-symbolic                    apps        document
applications-other-symbolic                     apps        application
applications-system-symbolic                    apps        terminal
applications-utilities-symbolic                 apps        tool-kit
help-browser-symbolic                           apps        help
multimedia-volume-control-symbolic              apps        volume--up
preferences-desktop-symbolic                    apps        screen
preferences-desktop-accessibility-symbolic      apps        accessibility
preferences-desktop-font-symbolic               apps        text--font
preferences-desktop-keyboard-symbolic           apps        keyboard
preferences-desktop-locale-symbolic             apps        language
preferences-desktop-multimedia-symbolic         apps        music
preferences-desktop-peripherals-symbolic        apps        keyboard
preferences-desktop-screensaver-symbolic        apps        screen--off
preferences-desktop-theme-symbolic              apps        color-palette
preferences-desktop-wallpaper-symbolic          apps        image
preferences-system-symbolic                     apps        settings--adjust
preferences-system-network-symbolic             apps        network--1
preferences-system-windows-symbolic             apps        popup
system-file-manager-symbolic                    apps        folder--open
system-software-install-symbolic                apps        download
system-software-update-symbolic                 apps        renew
system-users-symbolic                           apps        group
utilities-system-monitor-symbolic               apps        analytics
utilities-terminal-symbolic                     apps        terminal

# ---- Categories ----
applications-accessories-symbolic               categories  application
applications-development-symbolic               categories  development
applications-engineering-symbolic               categories  settings
applications-games-symbolic                     categories  gamification
applications-graphics-categories-symbolic       categories  image
applications-internet-categories-symbolic       categories  earth
applications-multimedia-categories-symbolic     categories  music
applications-office-categories-symbolic         categories  document
applications-other-categories-symbolic          categories  application
applications-science-symbolic                   categories  chemistry--reference
applications-system-categories-symbolic         categories  terminal
applications-utilities-categories-symbolic      categories  tool-kit

# ---- Devices ----
audio-card-symbolic                             devices     volume--up
audio-input-microphone-symbolic                 devices     microphone
battery-symbolic                                devices     battery--full
camera-photo-symbolic                           devices     camera
camera-video-symbolic                           devices     video
camera-web-symbolic                             devices     camera
computer-symbolic                               devices     laptop
drive-harddisk-symbolic                         devices     data--base
drive-optical-symbolic                          devices     compass
drive-removable-media-symbolic                  devices     USB
input-gaming-symbolic                           devices     gamification
input-keyboard-symbolic                         devices     keyboard
input-mouse-symbolic                            devices     cursor--1
input-tablet-symbolic                           devices     tablet
media-flash-symbolic                            devices     flash
media-floppy-symbolic                           devices     save
media-optical-symbolic                          devices     compass
modem-symbolic                                  devices     network--3
multimedia-player-symbolic                      devices     music
network-wired-symbolic                          devices     network--1
network-wireless-symbolic                       devices     wifi
phone-symbolic                                  devices     phone
printer-symbolic                                devices     printer
scanner-symbolic                                devices     document--view
video-display-symbolic                          devices     screen

# ---- Emblems ----
emblem-default-symbolic                         emblems     checkmark
emblem-documents-symbolic                       emblems     document
emblem-downloads-symbolic                       emblems     download
emblem-favorite-symbolic                        emblems     star
emblem-important-symbolic                       emblems     flag
emblem-mail-symbolic                            emblems     email
emblem-ok-symbolic                              emblems     checkmark--filled
emblem-photos-symbolic                          emblems     image
emblem-readonly-symbolic                        emblems     locked
emblem-shared-symbolic                          emblems     group--access
emblem-symbolic-link-symbolic                   emblems     link
emblem-synchronizing-symbolic                   emblems     renew
emblem-system-symbolic                          emblems     settings
emblem-unreadable-symbolic                      emblems     close--filled

# ---- MimeTypes ----
application-x-executable-symbolic               mimetypes   executable-program
audio-x-generic-symbolic                        mimetypes   music
font-x-generic-symbolic                         mimetypes   text--font
image-x-generic-symbolic                        mimetypes   image
package-x-generic-symbolic                      mimetypes   package
text-html-symbolic                              mimetypes   HTML
text-x-generic-symbolic                         mimetypes   document
text-x-generic-template-symbolic                mimetypes   document--blank
text-x-script-symbolic                          mimetypes   script
video-x-generic-symbolic                        mimetypes   video
x-office-address-book-symbolic                  mimetypes   user
x-office-calendar-symbolic                      mimetypes   calendar
x-office-document-symbolic                      mimetypes   document
x-office-presentation-symbolic                  mimetypes   presentation-file
x-office-spreadsheet-symbolic                   mimetypes   table

# ---- Places ----
folder-symbolic                                 places      folder
folder-remote-symbolic                          places      folder--shared
network-server-symbolic                         places      network--3
network-workgroup-symbolic                      places      network--4
start-here-symbolic                             places      home
user-bookmarks-symbolic                         places      bookmark
user-desktop-symbolic                           places      screen
user-home-symbolic                              places      home
user-trash-symbolic                             places      trash-can

# ---- Status ----
appointment-missed-symbolic                     status      time
appointment-soon-symbolic                       status      time
audio-volume-high-symbolic                      status      volume--up
audio-volume-low-symbolic                       status      volume--down
audio-volume-medium-symbolic                    status      volume--up
audio-volume-muted-symbolic                     status      volume--mute
battery-caution-symbolic                        status      battery--low
battery-low-symbolic                            status      battery--empty
changes-allow-symbolic                          status      unlocked
changes-prevent-symbolic                        status      locked
dialog-error-symbolic                           status      error--filled
dialog-information-symbolic                     status      information
dialog-password-symbolic                        status      password
dialog-question-symbolic                        status      help--filled
dialog-warning-symbolic                         status      warning
folder-drag-accept-symbolic                     status      folder--open
folder-open-symbolic                            status      folder--open
folder-visiting-symbolic                        status      folder
image-loading-symbolic                          status      image
image-missing-symbolic                          status      image
mail-attachment-symbolic                        status      attachment
mail-unread-symbolic                            status      email
network-error-symbolic                          status      close--filled
network-idle-symbolic                           status      checkmark--filled
network-offline-symbolic                        status      close--filled
network-receive-symbolic                        status      arrow--down
network-transmit-symbolic                       status      arrow--up
network-transmit-receive-symbolic               status      arrows--vertical
printer-error-symbolic                          status      close--filled
printer-printing-symbolic                       status      printer
security-high-symbolic                          status      security
security-low-symbolic                           status      unlocked
security-medium-symbolic                        status      locked
software-update-available-symbolic              status      update-now
software-update-urgent-symbolic                 status      warning--filled
sync-error-symbolic                             status      close--filled
sync-synchronizing-symbolic                     status      renew
task-due-symbolic                               status      time
task-past-due-symbolic                          status      warning--filled
user-available-symbolic                         status      user--avatar
user-away-symbolic                              status      time
user-idle-symbolic                              status      time
user-offline-symbolic                           status      close--filled
user-trash-full-symbolic                        status      trash-can
weather-clear-symbolic                          status      sun
weather-clear-night-symbolic                    status      asleep
weather-few-clouds-symbolic                     status      cloudy
weather-few-clouds-night-symbolic               status      cloudy
weather-fog-symbolic                            status      fog
weather-overcast-symbolic                       status      cloudy
weather-severe-alert-symbolic                   status      warning--filled
weather-showers-symbolic                        status      rain
weather-showers-scattered-symbolic              status      rain--scattered
weather-snow-symbolic                           status      snowflake
weather-storm-symbolic                          status      thunderstorm--severe
